============================================================
TESTING UNIFIED PREDICTOR MODEL LOADING
============================================================
venv\Scripts\python.exe 
: Traceback (most recent 
call last):
At line:1 char:1
+ 
venv\Scripts\python.exe t
est_unified_predictor.py 
> test_output.txt 2 ...
+ ~~~~~~~~~~~~~~~~~~~~~~~
~~~~~~~~~~~~~~~~~~~~~~~~~
~~~~~~~~~~~~~~~~~~~~~
    + CategoryInfo       
       : NotSpecified:   
  (Traceback (most rec   
 ent call last)::Stri    
ng) [], RemoteExcept    
ion
    + FullyQualifiedErro 
   rId : NativeCommandE  
  rror
 
  File "C:\Users\stijn\Do
cuments\coding\League-Pre
diction-main\run_all.py",
 line 47, in __init__
    print(f"{Fore.GREEN}\
u2713 Loaded {key} 
model")
    ~~~~~^^^^^^^^^^^^^^^^
^^^^^^^^^^^^^^^^^^^^^
  File "C:\Users\stijn\Do
cuments\coding\League-Pre
diction-main\venv\Lib\sit
e-packages\colorama\ansit
owin32.py", line 47, in 
write
    self.__convertor.writ
e(text)
    ~~~~~~~~~~~~~~~~~~~~~
~^^^^^^
  File "C:\Users\stijn\Do
cuments\coding\League-Pre
diction-main\venv\Lib\sit
e-packages\colorama\ansit
owin32.py", line 177, in 
write
    self.write_and_conver
t(text)
    ~~~~~~~~~~~~~~~~~~~~~
~^^^^^^
  File "C:\Users\stijn\Do
cuments\coding\League-Pre
diction-main\venv\Lib\sit
e-packages\colorama\ansit
owin32.py", line 205, in 
write_and_convert
    self.write_plain_text
(text, cursor, len(text))
    ~~~~~~~~~~~~~~~~~~~~~
^^^^^^^^^^^^^^^^^^^^^^^^^
  File "C:\Users\stijn\Do
cuments\coding\League-Pre
diction-main\venv\Lib\sit
e-packages\colorama\ansit
owin32.py", line 210, in 
write_plain_text
    self.wrapped.write(te
xt[start:end])
    ~~~~~~~~~~~~~~~~~~^^^
^^^^^^^^^^^^^^
  File "C:\Users\stijn\Ap
pData\Local\Programs\Pyth
on\Python313\Lib\encoding
s\cp1252.py", line 19, 
in encode
    return codecs.charmap
_encode(input,self.errors
,encoding_table)[0]
           ~~~~~~~~~~~~~~
~~~~~~~^^^^^^^^^^^^^^^^^^
^^^^^^^^^^^^^^^^
UnicodeEncodeError: 
'charmap' codec can't 
encode character 
'\u2713' in position 0: 
character maps to 
<undefined>

During handling of the 
above exception, another 
exception occurred:

Traceback (most recent 
call last):
  File "C:\Users\stijn\Do
cuments\coding\League-Pre
diction-main\test_unified
_predictor.py", line 13, 
in <module>
    predictor = 
UnifiedPredictor()
  File "C:\Users\stijn\Do
cuments\coding\League-Pre
diction-main\run_all.py",
 line 49, in __init__
    
print(f"{Fore.RED}\u26a0 
Error loading {key} 
model: {str(e)}")
    ~~~~~^^^^^^^^^^^^^^^^
^^^^^^^^^^^^^^^^^^^^^^^^^
^^^^^^^^^^^
  File "C:\Users\stijn\Do
cuments\coding\League-Pre
diction-main\venv\Lib\sit
e-packages\colorama\ansit
owin32.py", line 47, in 
write
    self.__convertor.writ
e(text)
    ~~~~~~~~~~~~~~~~~~~~~
~^^^^^^
  File "C:\Users\stijn\Do
cuments\coding\League-Pre
diction-main\venv\Lib\sit
e-packages\colorama\ansit
owin32.py", line 177, in 
write
    self.write_and_conver
t(text)
    ~~~~~~~~~~~~~~~~~~~~~
~^^^^^^
  File "C:\Users\stijn\Do
cuments\coding\League-Pre
diction-main\venv\Lib\sit
e-packages\colorama\ansit
owin32.py", line 205, in 
write_and_convert
    self.write_plain_text
(text, cursor, len(text))
    ~~~~~~~~~~~~~~~~~~~~~
^^^^^^^^^^^^^^^^^^^^^^^^^
  File "C:\Users\stijn\Do
cuments\coding\League-Pre
diction-main\venv\Lib\sit
e-packages\colorama\ansit
owin32.py", line 210, in 
write_plain_text
    self.wrapped.write(te
xt[start:end])
    ~~~~~~~~~~~~~~~~~~^^^
^^^^^^^^^^^^^^
  File "C:\Users\stijn\Ap
pData\Local\Programs\Pyth
on\Python313\Lib\encoding
s\cp1252.py", line 19, 
in encode
    return codecs.charmap
_encode(input,self.errors
,encoding_table)[0]
           ~~~~~~~~~~~~~~
~~~~~~~^^^^^^^^^^^^^^^^^^
^^^^^^^^^^^^^^^^
UnicodeEncodeError: 
'charmap' codec can't 
encode character 
'\u26a0' in position 0: 
character maps to 
<undefined>
